// Jest Snapshot v1, https://goo.gl/fbAQLP

exports[`MessageApp renders without crashing 1`] = `ReactWrapper {}`;
