// Jest Snapshot v1, https://goo.gl/fbAQLP

exports[`Error renders without crashing 1`] = `ReactWrapper {}`;
