// Jest Snapshot v1, https://goo.gl/fbAQLP

exports[`List renders without crashing 1`] = `ReactWrapper {}`;
