// Jest Snapshot v1, https://goo.gl/fbAQLP

exports[`Form renders without crashing 1`] = `ReactWrapper {}`;
